2026-02-27 13:17:17 [main] INFO  o.testcontainers.images.PullPolicy - Image pull policy will be performed by: DefaultPullPolicy()
2026-02-27 13:17:17 [main] INFO  o.t.utility.ImageNameSubstitutor - Image name substitution will be performed by: DefaultImageNameSubstitutor (composite of 'ConfigurationFileImageNameSubstitutor' and 'PrefixingImageNameSubstitutor')
2026-02-27 13:17:18 [main] INFO  o.t.d.DockerClientProviderStrategy - Found Docker environment with Docker accessed via Unix socket (/home/artem-brychev/.docker/desktop/docker.sock)
2026-02-27 13:17:18 [main] INFO  o.testcontainers.DockerClientFactory - Docker host IP address is localhost
2026-02-27 13:17:18 [main] INFO  o.testcontainers.DockerClientFactory - Connected to docker: 
  Server Version: 28.4.0
  API Version: 1.51
  Operating System: Docker Desktop
  Total Memory: 3738 MB
2026-02-27 13:17:18 [main] INFO  tc.testcontainers/ryuk:0.7.0 - Creating container for image: testcontainers/ryuk:0.7.0
2026-02-27 13:17:19 [main] INFO  o.t.utility.RegistryAuthLocator - Credential helper/store (docker-credential-desktop) does not have credentials for https://index.docker.io/v1/
2026-02-27 13:17:19 [main] INFO  tc.testcontainers/ryuk:0.7.0 - Container testcontainers/ryuk:0.7.0 is starting: 56a8e020a13768e42bd83b5d03aed9c18c37d2a22fe0b1db64d96ee60c99c442
2026-02-27 13:17:20 [main] INFO  tc.testcontainers/ryuk:0.7.0 - Container testcontainers/ryuk:0.7.0 started in PT1.336135122S
2026-02-27 13:17:20 [main] INFO  o.t.utility.RyukResourceReaper - Ryuk started - will monitor and terminate Testcontainers containers on JVM exit
2026-02-27 13:17:20 [main] INFO  o.testcontainers.DockerClientFactory - Checking the system...
2026-02-27 13:17:20 [main] INFO  o.testcontainers.DockerClientFactory - ✔︎ Docker server version should be at least 1.6.0
2026-02-27 13:17:20 [main] INFO  tc.redis:7-alpine - Creating container for image: redis:7-alpine
2026-02-27 13:17:20 [main] INFO  tc.redis:7-alpine - Container redis:7-alpine is starting: 9ef5864a5a6140739110db12873fcd57af4fbab49e3c727a4bbd5cc50782a2a8
2026-02-27 13:17:21 [main] INFO  tc.redis:7-alpine - Container redis:7-alpine started in PT1.293522898S
2026-02-27 13:17:21 [main] INFO  o.e.repositories.redis.RedisManager - Redis url=redis://localhost:46149
2026-02-27 13:17:23 [lettuce-nioEventLoop-4-1] INFO  io.lettuce.core.RedisHandshake - Maintenance events not supported.
2026-02-27 13:22:01 [main] INFO  o.testcontainers.images.PullPolicy - Image pull policy will be performed by: DefaultPullPolicy()
2026-02-27 13:22:01 [main] INFO  o.t.utility.ImageNameSubstitutor - Image name substitution will be performed by: DefaultImageNameSubstitutor (composite of 'ConfigurationFileImageNameSubstitutor' and 'PrefixingImageNameSubstitutor')
2026-02-27 13:22:02 [main] INFO  o.t.d.DockerClientProviderStrategy - Found Docker environment with Docker accessed via Unix socket (/home/artem-brychev/.docker/desktop/docker.sock)
2026-02-27 13:22:02 [main] INFO  o.testcontainers.DockerClientFactory - Docker host IP address is localhost
2026-02-27 13:22:02 [main] INFO  o.testcontainers.DockerClientFactory - Connected to docker: 
  Server Version: 28.4.0
  API Version: 1.51
  Operating System: Docker Desktop
  Total Memory: 3738 MB
2026-02-27 13:22:02 [main] INFO  tc.testcontainers/ryuk:0.7.0 - Creating container for image: testcontainers/ryuk:0.7.0
2026-02-27 13:22:02 [main] INFO  o.t.utility.RegistryAuthLocator - Credential helper/store (docker-credential-desktop) does not have credentials for https://index.docker.io/v1/
2026-02-27 13:22:02 [main] INFO  tc.testcontainers/ryuk:0.7.0 - Container testcontainers/ryuk:0.7.0 is starting: 12d9aeec630936978d3b5a6efd467f71693fe5981fa0141888e5e462363e934b
2026-02-27 13:22:02 [main] INFO  tc.testcontainers/ryuk:0.7.0 - Container testcontainers/ryuk:0.7.0 started in PT0.512643149S
2026-02-27 13:22:02 [main] INFO  o.t.utility.RyukResourceReaper - Ryuk started - will monitor and terminate Testcontainers containers on JVM exit
2026-02-27 13:22:02 [main] INFO  o.testcontainers.DockerClientFactory - Checking the system...
2026-02-27 13:22:02 [main] INFO  o.testcontainers.DockerClientFactory - ✔︎ Docker server version should be at least 1.6.0
2026-02-27 13:22:02 [main] INFO  tc.redis:7-alpine - Creating container for image: redis:7-alpine
2026-02-27 13:22:03 [main] INFO  tc.redis:7-alpine - Container redis:7-alpine is starting: a441cf2e5aa1cfdfd27b6525dfbf71808e6fb6497b27a0c56fc51bdf986bd8f8
2026-02-27 13:22:03 [main] INFO  tc.redis:7-alpine - Container redis:7-alpine started in PT0.539716398S
2026-02-27 13:22:03 [main] INFO  o.e.repositories.redis.RedisManager - Redis url=redis://localhost:33227
2026-02-27 13:22:03 [lettuce-nioEventLoop-4-1] INFO  io.lettuce.core.RedisHandshake - Maintenance events not supported.
2026-02-27 15:28:28 [main] INFO  o.testcontainers.images.PullPolicy - Image pull policy will be performed by: DefaultPullPolicy()
2026-02-27 15:28:28 [main] INFO  o.t.utility.ImageNameSubstitutor - Image name substitution will be performed by: DefaultImageNameSubstitutor (composite of 'ConfigurationFileImageNameSubstitutor' and 'PrefixingImageNameSubstitutor')
2026-02-27 15:28:28 [main] INFO  o.t.d.DockerClientProviderStrategy - Found Docker environment with Docker accessed via Unix socket (/home/artem-brychev/.docker/desktop/docker.sock)
2026-02-27 15:28:28 [main] INFO  o.testcontainers.DockerClientFactory - Docker host IP address is localhost
2026-02-27 15:28:28 [main] INFO  o.testcontainers.DockerClientFactory - Connected to docker: 
  Server Version: 28.4.0
  API Version: 1.51
  Operating System: Docker Desktop
  Total Memory: 3738 MB
2026-02-27 15:28:28 [main] INFO  tc.testcontainers/ryuk:0.7.0 - Creating container for image: testcontainers/ryuk:0.7.0
2026-02-27 15:28:28 [main] INFO  o.t.utility.RegistryAuthLocator - Credential helper/store (docker-credential-desktop) does not have credentials for https://index.docker.io/v1/
2026-02-27 15:28:31 [main] INFO  tc.testcontainers/ryuk:0.7.0 - Container testcontainers/ryuk:0.7.0 is starting: 626e2cbe8d684ae06d312e03f0c96090e90fb5d3d54fb0ff7790dad2c5af40c8
2026-02-27 15:28:32 [main] INFO  tc.testcontainers/ryuk:0.7.0 - Container testcontainers/ryuk:0.7.0 started in PT3.413926896S
2026-02-27 15:28:32 [main] INFO  o.t.utility.RyukResourceReaper - Ryuk started - will monitor and terminate Testcontainers containers on JVM exit
2026-02-27 15:28:32 [main] INFO  o.testcontainers.DockerClientFactory - Checking the system...
2026-02-27 15:28:32 [main] INFO  o.testcontainers.DockerClientFactory - ✔︎ Docker server version should be at least 1.6.0
2026-02-27 15:28:32 [main] INFO  tc.redis:7-alpine - Creating container for image: redis:7-alpine
2026-02-27 15:28:32 [main] INFO  tc.redis:7-alpine - Container redis:7-alpine is starting: 22694407abbdbfd2a7d9e3fde601f8eb10ae04edc12f938bf2dc94a2b0e30ff2
2026-02-27 15:28:32 [main] INFO  tc.redis:7-alpine - Container redis:7-alpine started in PT0.539946663S
2026-02-27 15:28:32 [main] INFO  o.e.repositories.redis.RedisManager - Redis url=redis://localhost:37867
2026-02-27 15:28:33 [lettuce-nioEventLoop-4-1] INFO  io.lettuce.core.RedisHandshake - Maintenance events not supported.
2026-02-27 15:28:33 [main] INFO  tc.redis:7-alpine - Creating container for image: redis:7-alpine
2026-02-27 15:28:33 [main] INFO  tc.redis:7-alpine - Container redis:7-alpine is starting: ed3151ace6f2e293f02af3852b273c5e23b78fcd6b500938ef3fadd1ffc5a27d
2026-02-27 15:28:33 [main] INFO  tc.redis:7-alpine - Container redis:7-alpine started in PT0.470296535S
2026-02-27 15:28:33 [main] INFO  o.e.repositories.redis.RedisManager - Redis url=redis://localhost:41871
2026-02-27 15:28:33 [lettuce-nioEventLoop-7-1] INFO  io.lettuce.core.RedisHandshake - Maintenance events not supported.
2026-02-27 15:28:35 [main] INFO  org.example.services.Service - Добавляем новую строкуhttps://url.com
2026-02-27 15:28:35 [main] INFO  org.example.services.Service - Service.add: https://url.com -> 1(1)
2026-02-27 15:28:35 [main] INFO  org.example.services.Service - Добавляем новую строкуhttps://url.com
2026-02-27 15:28:35 [main] INFO  org.example.services.Service - Service.add: https://url.com -> 1(1)
2026-02-27 15:28:35 [main] INFO  org.example.services.Service - Добавляем новую строкуhttps://url.com
2026-02-27 15:28:35 [main] INFO  org.example.services.Service - Service.add: https://url.com -> 1(1)
2026-02-27 15:28:35 [main] INFO  org.example.services.Service - 1 -> https://url.com(1)
2026-02-27 15:28:35 [main] INFO  org.eclipse.jetty.util.log - Logging initialized @7546ms to org.eclipse.jetty.util.log.Slf4jLog
2026-02-27 15:28:35 [main] INFO  org.eclipse.jetty.server.Server - jetty-9.4.54.v20240208; built: 2024-02-08T19:42:39.027Z; git: cef3fbd6d736a21e7d541a5db490381d95a2047d; jvm 21.0.8+9-Ubuntu-0ubuntu124.04.1
2026-02-27 15:28:35 [main] INFO  o.e.j.server.handler.ContextHandler - Started o.e.j.s.ServletContextHandler@2c1ea7be{/,null,AVAILABLE}
2026-02-27 15:28:35 [main] INFO  o.e.jetty.server.AbstractConnector - Started ServerConnector@35329a05{HTTP/1.1, (http/1.1)}{0.0.0.0:33941}
2026-02-27 15:28:35 [main] INFO  org.eclipse.jetty.server.Server - Started @7679ms
2026-02-27 15:28:35 [main] INFO  o.e.jetty.server.AbstractConnector - Stopped ServerConnector@35329a05{HTTP/1.1, (http/1.1)}{0.0.0.0:0}
2026-02-27 15:28:35 [main] INFO  o.e.j.server.handler.ContextHandler - Stopped o.e.j.s.ServletContextHandler@2c1ea7be{/,null,STOPPED}
2026-02-27 15:28:35 [main] INFO  tc.postgres:16 - Creating container for image: postgres:16
2026-02-27 15:28:35 [main] INFO  tc.postgres:16 - Container postgres:16 is starting: 752d2db1286ef3550046420730c3606509446c8cff12b39fa01876a10098bad7
2026-02-27 15:28:37 [main] INFO  tc.postgres:16 - Container postgres:16 started in PT1.47337615S
2026-02-27 15:28:37 [main] INFO  tc.postgres:16 - Container is started (JDBC URL: jdbc:postgresql://localhost:38835/testdatabase?loggerLevel=OFF)
2026-02-27 15:28:37 [main] INFO  com.zaxxer.hikari.HikariDataSource - HikariPool-1 - Starting...
2026-02-27 15:28:37 [main] INFO  com.zaxxer.hikari.pool.HikariPool - HikariPool-1 - Added connection org.postgresql.jdbc.PgConnection@556aed22
2026-02-27 15:28:37 [main] INFO  com.zaxxer.hikari.HikariDataSource - HikariPool-1 - Start completed.
2026-02-27 15:28:37 [main] INFO  tc.postgres:16 - Creating container for image: postgres:16
2026-02-27 15:28:37 [main] INFO  tc.postgres:16 - Container postgres:16 is starting: bcb7e2bf885a2e8559e4b1259f876015876a3ffc1558c779ac3cd1eaeab85773
2026-02-27 15:28:38 [main] INFO  tc.postgres:16 - Container postgres:16 started in PT1.2405062S
2026-02-27 15:28:38 [main] INFO  tc.postgres:16 - Container is started (JDBC URL: jdbc:postgresql://localhost:33959/testdatabase?loggerLevel=OFF)
