2026-02-24 15:41:48 [main] INFO  org.eclipse.jetty.util.log - Logging initialized @1676ms to org.eclipse.jetty.util.log.Slf4jLog
2026-02-24 15:41:48 [main] INFO  org.eclipse.jetty.server.Server - jetty-9.4.54.v20240208; built: 2024-02-08T19:42:39.027Z; git: cef3fbd6d736a21e7d541a5db490381d95a2047d; jvm 21.0.8+9-Ubuntu-0ubuntu124.04.1
2026-02-24 15:41:48 [main] INFO  o.e.j.server.handler.ContextHandler - Started o.e.j.s.ServletContextHandler@475646d4{/,null,AVAILABLE}
2026-02-24 15:41:48 [main] INFO  o.e.jetty.server.AbstractConnector - Started ServerConnector@2330e3e0{HTTP/1.1, (http/1.1)}{0.0.0.0:45109}
2026-02-24 15:41:48 [main] INFO  org.eclipse.jetty.server.Server - Started @1833ms
2026-02-24 15:41:49 [main] INFO  o.e.jetty.server.AbstractConnector - Stopped ServerConnector@2330e3e0{HTTP/1.1, (http/1.1)}{0.0.0.0:0}
2026-02-24 15:41:49 [main] INFO  o.e.j.server.handler.ContextHandler - Stopped o.e.j.s.ServletContextHandler@475646d4{/,null,STOPPED}
2026-02-24 15:41:49 [main] INFO  o.testcontainers.images.PullPolicy - Image pull policy will be performed by: DefaultPullPolicy()
2026-02-24 15:41:49 [main] INFO  o.t.utility.ImageNameSubstitutor - Image name substitution will be performed by: DefaultImageNameSubstitutor (composite of 'ConfigurationFileImageNameSubstitutor' and 'PrefixingImageNameSubstitutor')
2026-02-24 15:41:49 [main] INFO  o.t.d.DockerClientProviderStrategy - Found Docker environment with Docker accessed via Unix socket (/home/artem-brychev/.docker/desktop/docker.sock)
2026-02-24 15:41:49 [main] INFO  o.testcontainers.DockerClientFactory - Docker host IP address is localhost
2026-02-24 15:41:49 [main] INFO  o.testcontainers.DockerClientFactory - Connected to docker: 
  Server Version: 28.4.0
  API Version: 1.51
  Operating System: Docker Desktop
  Total Memory: 3738 MB
2026-02-24 15:41:49 [main] INFO  tc.testcontainers/ryuk:0.7.0 - Creating container for image: testcontainers/ryuk:0.7.0
2026-02-24 15:41:49 [main] INFO  o.t.utility.RegistryAuthLocator - Credential helper/store (docker-credential-desktop) does not have credentials for https://index.docker.io/v1/
2026-02-24 15:41:52 [main] INFO  tc.testcontainers/ryuk:0.7.0 - Container testcontainers/ryuk:0.7.0 is starting: 813d99b8ea6d608fb6b670809d373fc15da2cd50093d29bc651d6dd1ef4fdaff
2026-02-24 15:41:52 [main] INFO  tc.testcontainers/ryuk:0.7.0 - Container testcontainers/ryuk:0.7.0 started in PT3.210500185S
2026-02-24 15:41:52 [main] INFO  o.t.utility.RyukResourceReaper - Ryuk started - will monitor and terminate Testcontainers containers on JVM exit
2026-02-24 15:41:52 [main] INFO  o.testcontainers.DockerClientFactory - Checking the system...
2026-02-24 15:41:52 [main] INFO  o.testcontainers.DockerClientFactory - ✔︎ Docker server version should be at least 1.6.0
2026-02-24 15:41:52 [main] INFO  tc.postgres:16 - Creating container for image: postgres:16
2026-02-24 15:41:52 [main] INFO  tc.postgres:16 - Container postgres:16 is starting: c4e480694c7ae39bf3284ab81c6a095138a4824c433719ddb57adf5e0c3c81d6
2026-02-24 15:41:54 [main] INFO  tc.postgres:16 - Container postgres:16 started in PT1.514221837S
2026-02-24 15:41:54 [main] INFO  tc.postgres:16 - Container is started (JDBC URL: jdbc:postgresql://localhost:46193/testdatabase?loggerLevel=OFF)
2026-02-24 15:41:54 [main] INFO  com.zaxxer.hikari.HikariDataSource - HikariPool-1 - Starting...
2026-02-24 15:41:54 [main] INFO  com.zaxxer.hikari.pool.HikariPool - HikariPool-1 - Added connection org.postgresql.jdbc.PgConnection@38159384
2026-02-24 15:41:54 [main] INFO  com.zaxxer.hikari.HikariDataSource - HikariPool-1 - Start completed.
2026-02-24 15:41:54 [main] INFO  tc.postgres:16 - Creating container for image: postgres:16
2026-02-24 15:41:54 [main] INFO  tc.postgres:16 - Container postgres:16 is starting: bacd58f400e17c8a93e7ae4123a84f8923285919cf881908bc1b7ae941de1cdf
2026-02-24 15:41:55 [main] INFO  tc.postgres:16 - Container postgres:16 started in PT1.149247109S
2026-02-24 15:41:55 [main] INFO  tc.postgres:16 - Container is started (JDBC URL: jdbc:postgresql://localhost:46519/testdatabase?loggerLevel=OFF)
2026-02-24 15:50:30 [main] INFO  org.example.services.Service - Добавляем новую строкуhttps://url.com
2026-02-24 15:50:30 [main] INFO  org.example.services.Service - Service.add: https://url.com -> 1(1)
2026-02-24 15:50:30 [main] INFO  org.example.services.Service - Добавляем новую строкуhttps://url.com
2026-02-24 15:50:30 [main] INFO  org.example.services.Service - Service.add: https://url.com -> 1(1)
2026-02-24 15:50:30 [main] INFO  org.example.services.Service - Добавляем новую строкуhttps://url.com
2026-02-24 15:50:30 [main] INFO  org.example.services.Service - Service.add: https://url.com -> 1(1)
2026-02-24 15:50:30 [main] INFO  org.example.services.Service - 1 -> https://url.com(1)
2026-02-24 15:50:30 [main] INFO  org.eclipse.jetty.util.log - Logging initialized @1792ms to org.eclipse.jetty.util.log.Slf4jLog
2026-02-24 15:50:30 [main] INFO  org.eclipse.jetty.server.Server - jetty-9.4.54.v20240208; built: 2024-02-08T19:42:39.027Z; git: cef3fbd6d736a21e7d541a5db490381d95a2047d; jvm 21.0.8+9-Ubuntu-0ubuntu124.04.1
2026-02-24 15:50:30 [main] INFO  o.e.j.server.handler.ContextHandler - Started o.e.j.s.ServletContextHandler@459b187a{/,null,AVAILABLE}
2026-02-24 15:50:30 [main] INFO  o.e.jetty.server.AbstractConnector - Started ServerConnector@acdcf71{HTTP/1.1, (http/1.1)}{0.0.0.0:40171}
2026-02-24 15:50:30 [main] INFO  org.eclipse.jetty.server.Server - Started @1909ms
2026-02-24 15:50:30 [main] INFO  o.e.jetty.server.AbstractConnector - Stopped ServerConnector@acdcf71{HTTP/1.1, (http/1.1)}{0.0.0.0:0}
2026-02-24 15:50:30 [main] INFO  o.e.j.server.handler.ContextHandler - Stopped o.e.j.s.ServletContextHandler@459b187a{/,null,STOPPED}
2026-02-24 15:50:31 [main] INFO  o.testcontainers.images.PullPolicy - Image pull policy will be performed by: DefaultPullPolicy()
2026-02-24 15:50:31 [main] INFO  o.t.utility.ImageNameSubstitutor - Image name substitution will be performed by: DefaultImageNameSubstitutor (composite of 'ConfigurationFileImageNameSubstitutor' and 'PrefixingImageNameSubstitutor')
2026-02-24 15:50:31 [main] INFO  o.t.d.DockerClientProviderStrategy - Found Docker environment with Docker accessed via Unix socket (/home/artem-brychev/.docker/desktop/docker.sock)
2026-02-24 15:50:31 [main] INFO  o.testcontainers.DockerClientFactory - Docker host IP address is localhost
2026-02-24 15:50:31 [main] INFO  o.testcontainers.DockerClientFactory - Connected to docker: 
  Server Version: 28.4.0
  API Version: 1.51
  Operating System: Docker Desktop
  Total Memory: 3738 MB
2026-02-24 15:50:31 [main] INFO  tc.testcontainers/ryuk:0.7.0 - Creating container for image: testcontainers/ryuk:0.7.0
2026-02-24 15:50:31 [main] INFO  o.t.utility.RegistryAuthLocator - Credential helper/store (docker-credential-desktop) does not have credentials for https://index.docker.io/v1/
2026-02-24 15:50:34 [main] INFO  tc.testcontainers/ryuk:0.7.0 - Container testcontainers/ryuk:0.7.0 is starting: cd71b6a4bb3ddf6ee5a21ca4f4d73586c793057fd6ed8985b52e9fe9b7fe3d9d
2026-02-24 15:50:34 [main] INFO  tc.testcontainers/ryuk:0.7.0 - Container testcontainers/ryuk:0.7.0 started in PT3.144886731S
2026-02-24 15:50:34 [main] INFO  o.t.utility.RyukResourceReaper - Ryuk started - will monitor and terminate Testcontainers containers on JVM exit
2026-02-24 15:50:34 [main] INFO  o.testcontainers.DockerClientFactory - Checking the system...
2026-02-24 15:50:34 [main] INFO  o.testcontainers.DockerClientFactory - ✔︎ Docker server version should be at least 1.6.0
2026-02-24 15:50:34 [main] INFO  tc.postgres:16 - Creating container for image: postgres:16
2026-02-24 15:50:34 [main] INFO  tc.postgres:16 - Container postgres:16 is starting: 0a5c99a19ea042ee6f212003306816d42ac48f5d2bb230eb2a4827936c61cc27
2026-02-24 15:50:35 [main] INFO  tc.postgres:16 - Container postgres:16 started in PT1.364922293S
2026-02-24 15:50:35 [main] INFO  tc.postgres:16 - Container is started (JDBC URL: jdbc:postgresql://localhost:37691/testdatabase?loggerLevel=OFF)
2026-02-24 15:50:35 [main] INFO  com.zaxxer.hikari.HikariDataSource - HikariPool-1 - Starting...
2026-02-24 15:50:36 [main] INFO  com.zaxxer.hikari.pool.HikariPool - HikariPool-1 - Added connection org.postgresql.jdbc.PgConnection@138f0661
2026-02-24 15:50:36 [main] INFO  com.zaxxer.hikari.HikariDataSource - HikariPool-1 - Start completed.
2026-02-24 15:50:36 [main] INFO  tc.postgres:16 - Creating container for image: postgres:16
2026-02-24 15:50:36 [main] INFO  tc.postgres:16 - Container postgres:16 is starting: ccec9b2c5de24142198073f27e88fc4b788794f39e06e1ac8481586eef33777a
2026-02-24 15:50:37 [main] INFO  tc.postgres:16 - Container postgres:16 started in PT1.197267389S
2026-02-24 15:50:37 [main] INFO  tc.postgres:16 - Container is started (JDBC URL: jdbc:postgresql://localhost:38587/testdatabase?loggerLevel=OFF)
2026-02-25 19:53:25 [main] INFO  o.e.repositories.redis.RedisManager - Redis url=redis://redis:6379
2026-02-25 19:53:26 [main] INFO  o.e.repositories.redis.RedisManager - Redis url=redis://redis:6379
2026-02-25 19:53:54 [main] INFO  o.e.repositories.redis.RedisManager - Redis url=redis://redis:6379
2026-02-25 19:53:54 [main] INFO  o.e.repositories.redis.RedisManager - Redis url=redis://redis:6379
2026-02-25 19:58:07 [main] INFO  o.testcontainers.images.PullPolicy - Image pull policy will be performed by: DefaultPullPolicy()
2026-02-25 19:58:07 [main] INFO  o.t.utility.ImageNameSubstitutor - Image name substitution will be performed by: DefaultImageNameSubstitutor (composite of 'ConfigurationFileImageNameSubstitutor' and 'PrefixingImageNameSubstitutor')
2026-02-25 19:58:08 [main] INFO  o.t.d.DockerClientProviderStrategy - Found Docker environment with Docker accessed via Unix socket (/home/artem-brychev/.docker/desktop/docker.sock)
2026-02-25 20:07:33 [main] INFO  o.testcontainers.images.PullPolicy - Image pull policy will be performed by: DefaultPullPolicy()
2026-02-25 20:07:33 [main] INFO  o.t.utility.ImageNameSubstitutor - Image name substitution will be performed by: DefaultImageNameSubstitutor (composite of 'ConfigurationFileImageNameSubstitutor' and 'PrefixingImageNameSubstitutor')
2026-02-25 20:07:34 [main] INFO  o.t.d.DockerClientProviderStrategy - Found Docker environment with Docker accessed via Unix socket (/home/artem-brychev/.docker/desktop/docker.sock)
2026-02-25 20:07:34 [main] INFO  o.testcontainers.DockerClientFactory - Docker host IP address is localhost
2026-02-25 20:07:34 [main] INFO  o.testcontainers.DockerClientFactory - Connected to docker: 
  Server Version: 28.4.0
  API Version: 1.51
  Operating System: Docker Desktop
  Total Memory: 3738 MB
2026-02-25 20:07:34 [main] INFO  tc.testcontainers/ryuk:0.7.0 - Creating container for image: testcontainers/ryuk:0.7.0
2026-02-25 20:07:34 [main] INFO  o.t.utility.RegistryAuthLocator - Credential helper/store (docker-credential-desktop) does not have credentials for https://index.docker.io/v1/
2026-02-25 20:07:34 [main] INFO  tc.testcontainers/ryuk:0.7.0 - Container testcontainers/ryuk:0.7.0 is starting: 18149370576ea65223cbfdc7a87f5335a7703dbb5cb504fe33e1e96d4f731d7f
2026-02-25 20:07:34 [main] INFO  tc.testcontainers/ryuk:0.7.0 - Container testcontainers/ryuk:0.7.0 started in PT0.507127849S
2026-02-25 20:07:34 [main] INFO  o.t.utility.RyukResourceReaper - Ryuk started - will monitor and terminate Testcontainers containers on JVM exit
2026-02-25 20:07:34 [main] INFO  o.testcontainers.DockerClientFactory - Checking the system...
2026-02-25 20:07:34 [main] INFO  o.testcontainers.DockerClientFactory - ✔︎ Docker server version should be at least 1.6.0
2026-02-25 20:07:34 [main] INFO  tc.redis:7-alpine - Pulling docker image: redis:7-alpine. Please be patient; this may take some time but only needs to be done once.
2026-02-25 20:07:38 [docker-java-stream-1303120390] INFO  tc.redis:7-alpine - Starting to pull image
2026-02-25 20:07:38 [docker-java-stream-1303120390] INFO  tc.redis:7-alpine - Pulling image layers:  0 pending,  0 downloaded,  0 extracted, (0 bytes/0 bytes)
2026-02-25 20:07:41 [docker-java-stream-1303120390] INFO  tc.redis:7-alpine - Pulling image layers:  6 pending,  1 downloaded,  0 extracted, (0 bytes/? MB)
2026-02-25 20:07:41 [docker-java-stream-1303120390] INFO  tc.redis:7-alpine - Pulling image layers:  5 pending,  2 downloaded,  0 extracted, (1 KB/? MB)
2026-02-25 20:07:41 [docker-java-stream-1303120390] INFO  tc.redis:7-alpine - Pulling image layers:  4 pending,  3 downloaded,  0 extracted, (1 KB/? MB)
2026-02-25 20:07:41 [docker-java-stream-1303120390] INFO  tc.redis:7-alpine - Pulling image layers:  3 pending,  4 downloaded,  0 extracted, (1 KB/? MB)
2026-02-25 20:07:41 [docker-java-stream-1303120390] INFO  tc.redis:7-alpine - Pulling image layers:  3 pending,  4 downloaded,  1 extracted, (1 KB/? MB)
2026-02-25 20:07:42 [docker-java-stream-1303120390] INFO  tc.redis:7-alpine - Pulling image layers:  3 pending,  4 downloaded,  2 extracted, (1 KB/? MB)
2026-02-25 20:07:43 [docker-java-stream-1303120390] INFO  tc.redis:7-alpine - Pulling image layers:  2 pending,  5 downloaded,  2 extracted, (1 KB/? MB)
2026-02-25 20:07:43 [docker-java-stream-1303120390] INFO  tc.redis:7-alpine - Pulling image layers:  2 pending,  5 downloaded,  3 extracted, (1 MB/? MB)
2026-02-25 20:07:52 [docker-java-stream-1303120390] INFO  tc.redis:7-alpine - Pulling image layers:  1 pending,  6 downloaded,  3 extracted, (11 MB/? MB)
2026-02-25 20:07:52 [docker-java-stream-1303120390] INFO  tc.redis:7-alpine - Pulling image layers:  1 pending,  6 downloaded,  4 extracted, (11 MB/? MB)
2026-02-25 20:07:52 [docker-java-stream-1303120390] INFO  tc.redis:7-alpine - Pulling image layers:  1 pending,  6 downloaded,  5 extracted, (11 MB/? MB)
2026-02-25 20:07:52 [docker-java-stream-1303120390] INFO  tc.redis:7-alpine - Pulling image layers:  1 pending,  6 downloaded,  6 extracted, (11 MB/? MB)
2026-02-25 20:07:52 [docker-java-stream-1303120390] INFO  tc.redis:7-alpine - Pulling image layers:  1 pending,  6 downloaded,  6 extracted, (11 MB/? MB)
2026-02-25 20:07:52 [docker-java-stream-1303120390] INFO  tc.redis:7-alpine - Pulling image layers:  1 pending,  6 downloaded,  7 extracted, (11 MB/? MB)
2026-02-25 20:07:52 [docker-java-stream-1303120390] INFO  tc.redis:7-alpine - Pull complete. 7 layers, pulled in 14s (downloaded 11 MB at 804 KB/s)
2026-02-25 20:07:52 [main] INFO  tc.redis:7-alpine - Image redis:7-alpine pull took PT17.734403383S
2026-02-25 20:07:52 [main] INFO  tc.redis:7-alpine - Creating container for image: redis:7-alpine
2026-02-25 20:07:52 [main] INFO  tc.redis:7-alpine - Container redis:7-alpine is starting: 5728ceb025f961a3e776259cae0ac8402231a1e4a9a630b5020abcaf2b1b580d
2026-02-25 20:07:53 [main] INFO  tc.redis:7-alpine - Container redis:7-alpine started in PT0.548843947S
2026-02-25 20:07:53 [main] INFO  o.e.repositories.redis.RedisManager - Redis url=redis://localhost:34213
2026-02-25 20:07:53 [lettuce-nioEventLoop-4-1] INFO  io.lettuce.core.RedisHandshake - Maintenance events not supported.
2026-02-25 20:07:53 [lettuce-eventExecutorLoop-1-1] INFO  i.l.core.protocol.ConnectionWatchdog - Reconnecting, last destination was localhost/127.0.0.1:34213
2026-02-25 20:07:53 [lettuce-nioEventLoop-4-2] WARN  i.l.core.protocol.ConnectionWatchdog - Cannot reconnect to [localhost/<unresolved>:34213]: Connection closed prematurely
io.lettuce.core.RedisConnectionException: Connection closed prematurely
	at io.lettuce.core.protocol.RedisHandshakeHandler.channelInactive(RedisHandshakeHandler.java:76)
	at io.netty.channel.AbstractChannelHandlerContext.fireChannelInactive(AbstractChannelHandlerContext.java:250)
	at io.netty.channel.ChannelInboundHandlerAdapter.channelInactive(ChannelInboundHandlerAdapter.java:81)
	at io.lettuce.core.ChannelGroupListener.channelInactive(ChannelGroupListener.java:54)
	at io.netty.channel.AbstractChannelHandlerContext.fireChannelInactive(AbstractChannelHandlerContext.java:250)
	at io.netty.channel.DefaultChannelPipeline$HeadContext.channelInactive(DefaultChannelPipeline.java:1424)
	at io.netty.channel.DefaultChannelPipeline.fireChannelInactive(DefaultChannelPipeline.java:876)
	at io.netty.channel.AbstractChannel$AbstractUnsafe$8.run(AbstractChannel.java:684)
	at io.netty.util.concurrent.AbstractEventExecutor.runTask$$$capture(AbstractEventExecutor.java:148)
	at io.netty.util.concurrent.AbstractEventExecutor.runTask(AbstractEventExecutor.java)
	at io.netty.util.concurrent.AbstractEventExecutor.safeExecute$$$capture(AbstractEventExecutor.java:141)
	at io.netty.util.concurrent.AbstractEventExecutor.safeExecute(AbstractEventExecutor.java)
	at io.netty.util.concurrent.SingleThreadEventExecutor.runAllTasks(SingleThreadEventExecutor.java:535)
	at io.netty.channel.SingleThreadIoEventLoop.run(SingleThreadIoEventLoop.java:201)
	at io.netty.util.concurrent.SingleThreadEventExecutor$5.run(SingleThreadEventExecutor.java:1193)
	at io.netty.util.internal.ThreadExecutorMap$2.run(ThreadExecutorMap.java:74)
	at io.netty.util.concurrent.FastThreadLocalRunnable.run(FastThreadLocalRunnable.java:30)
	at java.base/java.lang.Thread.run(Thread.java:1583)
2026-02-25 20:08:06 [main] INFO  o.testcontainers.images.PullPolicy - Image pull policy will be performed by: DefaultPullPolicy()
2026-02-25 20:08:06 [main] INFO  o.t.utility.ImageNameSubstitutor - Image name substitution will be performed by: DefaultImageNameSubstitutor (composite of 'ConfigurationFileImageNameSubstitutor' and 'PrefixingImageNameSubstitutor')
2026-02-25 20:08:06 [main] INFO  o.t.d.DockerClientProviderStrategy - Found Docker environment with Docker accessed via Unix socket (/home/artem-brychev/.docker/desktop/docker.sock)
2026-02-25 20:08:06 [main] INFO  o.testcontainers.DockerClientFactory - Docker host IP address is localhost
2026-02-25 20:08:06 [main] INFO  o.testcontainers.DockerClientFactory - Connected to docker: 
  Server Version: 28.4.0
  API Version: 1.51
  Operating System: Docker Desktop
  Total Memory: 3738 MB
2026-02-25 20:08:06 [main] INFO  tc.testcontainers/ryuk:0.7.0 - Creating container for image: testcontainers/ryuk:0.7.0
2026-02-25 20:08:06 [main] INFO  o.t.utility.RegistryAuthLocator - Credential helper/store (docker-credential-desktop) does not have credentials for https://index.docker.io/v1/
2026-02-25 20:08:07 [main] INFO  tc.testcontainers/ryuk:0.7.0 - Container testcontainers/ryuk:0.7.0 is starting: ba405313db0e15d5a65593c603ad91646bf18c4c30fd7cc221a06062ffd551d2
2026-02-25 20:08:07 [main] INFO  tc.testcontainers/ryuk:0.7.0 - Container testcontainers/ryuk:0.7.0 started in PT0.560513079S
2026-02-25 20:08:07 [main] INFO  o.t.utility.RyukResourceReaper - Ryuk started - will monitor and terminate Testcontainers containers on JVM exit
2026-02-25 20:08:07 [main] INFO  o.testcontainers.DockerClientFactory - Checking the system...
2026-02-25 20:08:07 [main] INFO  o.testcontainers.DockerClientFactory - ✔︎ Docker server version should be at least 1.6.0
2026-02-25 20:08:07 [main] INFO  tc.redis:7-alpine - Creating container for image: redis:7-alpine
2026-02-25 20:08:07 [main] INFO  tc.redis:7-alpine - Container redis:7-alpine is starting: 95f243cda215b18c47c05782afa7b57f149c4795407d0fd75ed781da6b8ecf40
2026-02-25 20:08:07 [main] INFO  tc.redis:7-alpine - Container redis:7-alpine started in PT0.479109118S
2026-02-25 20:08:07 [main] INFO  o.e.repositories.redis.RedisManager - Redis url=redis://localhost:37649
2026-02-25 20:08:08 [lettuce-nioEventLoop-4-1] INFO  io.lettuce.core.RedisHandshake - Maintenance events not supported.
2026-02-25 20:08:08 [lettuce-eventExecutorLoop-1-1] INFO  i.l.core.protocol.ConnectionWatchdog - Reconnecting, last destination was localhost/127.0.0.1:37649
2026-02-25 20:08:08 [lettuce-nioEventLoop-4-2] WARN  i.l.core.protocol.ConnectionWatchdog - Cannot reconnect to [localhost/<unresolved>:37649]: Connection closed prematurely
io.lettuce.core.RedisConnectionException: Connection closed prematurely
	at io.lettuce.core.protocol.RedisHandshakeHandler.channelInactive(RedisHandshakeHandler.java:76)
	at io.netty.channel.AbstractChannelHandlerContext.fireChannelInactive(AbstractChannelHandlerContext.java:250)
	at io.netty.channel.ChannelInboundHandlerAdapter.channelInactive(ChannelInboundHandlerAdapter.java:81)
	at io.lettuce.core.ChannelGroupListener.channelInactive(ChannelGroupListener.java:54)
	at io.netty.channel.AbstractChannelHandlerContext.fireChannelInactive(AbstractChannelHandlerContext.java:250)
	at io.netty.channel.DefaultChannelPipeline$HeadContext.channelInactive(DefaultChannelPipeline.java:1424)
	at io.netty.channel.DefaultChannelPipeline.fireChannelInactive(DefaultChannelPipeline.java:876)
	at io.netty.channel.AbstractChannel$AbstractUnsafe$8.run(AbstractChannel.java:684)
	at io.netty.util.concurrent.AbstractEventExecutor.runTask$$$capture(AbstractEventExecutor.java:148)
	at io.netty.util.concurrent.AbstractEventExecutor.runTask(AbstractEventExecutor.java)
	at io.netty.util.concurrent.AbstractEventExecutor.safeExecute$$$capture(AbstractEventExecutor.java:141)
	at io.netty.util.concurrent.AbstractEventExecutor.safeExecute(AbstractEventExecutor.java)
	at io.netty.util.concurrent.SingleThreadEventExecutor.runAllTasks(SingleThreadEventExecutor.java:535)
	at io.netty.channel.SingleThreadIoEventLoop.run(SingleThreadIoEventLoop.java:201)
	at io.netty.util.concurrent.SingleThreadEventExecutor$5.run(SingleThreadEventExecutor.java:1193)
	at io.netty.util.internal.ThreadExecutorMap$2.run(ThreadExecutorMap.java:74)
	at io.netty.util.concurrent.FastThreadLocalRunnable.run(FastThreadLocalRunnable.java:30)
	at java.base/java.lang.Thread.run(Thread.java:1583)
2026-02-25 20:20:12 [main] INFO  o.testcontainers.images.PullPolicy - Image pull policy will be performed by: DefaultPullPolicy()
2026-02-25 20:20:12 [main] INFO  o.t.utility.ImageNameSubstitutor - Image name substitution will be performed by: DefaultImageNameSubstitutor (composite of 'ConfigurationFileImageNameSubstitutor' and 'PrefixingImageNameSubstitutor')
2026-02-25 20:20:12 [main] INFO  o.t.d.DockerClientProviderStrategy - Found Docker environment with Docker accessed via Unix socket (/home/artem-brychev/.docker/desktop/docker.sock)
2026-02-25 20:20:12 [main] INFO  o.testcontainers.DockerClientFactory - Docker host IP address is localhost
2026-02-25 20:20:12 [main] INFO  o.testcontainers.DockerClientFactory - Connected to docker: 
  Server Version: 28.4.0
  API Version: 1.51
  Operating System: Docker Desktop
  Total Memory: 3738 MB
2026-02-25 20:20:13 [main] INFO  tc.testcontainers/ryuk:0.7.0 - Creating container for image: testcontainers/ryuk:0.7.0
2026-02-25 20:20:13 [main] INFO  o.t.utility.RegistryAuthLocator - Credential helper/store (docker-credential-desktop) does not have credentials for https://index.docker.io/v1/
2026-02-25 20:20:13 [main] INFO  tc.testcontainers/ryuk:0.7.0 - Container testcontainers/ryuk:0.7.0 is starting: 24bd9321c22491fd894cbe18380c1ad2aa45613c2cc86140333490bd6790f747
2026-02-25 20:20:13 [main] INFO  tc.testcontainers/ryuk:0.7.0 - Container testcontainers/ryuk:0.7.0 started in PT0.510951757S
2026-02-25 20:20:13 [main] INFO  o.t.utility.RyukResourceReaper - Ryuk started - will monitor and terminate Testcontainers containers on JVM exit
2026-02-25 20:20:13 [main] INFO  o.testcontainers.DockerClientFactory - Checking the system...
2026-02-25 20:20:13 [main] INFO  o.testcontainers.DockerClientFactory - ✔︎ Docker server version should be at least 1.6.0
2026-02-25 20:20:13 [main] INFO  tc.redis:7-alpine - Creating container for image: redis:7-alpine
2026-02-25 20:20:13 [main] INFO  tc.redis:7-alpine - Container redis:7-alpine is starting: 81af680f3a514b2d374882d3788206b9d3dfd29a1011ccd1dad4e971f8fc5991
2026-02-25 20:20:14 [main] INFO  tc.redis:7-alpine - Container redis:7-alpine started in PT0.49062161S
2026-02-25 20:20:14 [main] INFO  o.e.repositories.redis.RedisManager - Redis url=redis://localhost:32883
2026-02-25 20:20:14 [lettuce-nioEventLoop-4-1] INFO  io.lettuce.core.RedisHandshake - Maintenance events not supported.
2026-02-25 20:20:14 [lettuce-eventExecutorLoop-1-1] INFO  i.l.core.protocol.ConnectionWatchdog - Reconnecting, last destination was localhost/127.0.0.1:32883
2026-02-25 20:20:14 [lettuce-nioEventLoop-4-2] WARN  i.l.core.protocol.ConnectionWatchdog - Cannot reconnect to [localhost/<unresolved>:32883]: Connection closed prematurely
io.lettuce.core.RedisConnectionException: Connection closed prematurely
	at io.lettuce.core.protocol.RedisHandshakeHandler.channelInactive(RedisHandshakeHandler.java:76)
	at io.netty.channel.AbstractChannelHandlerContext.fireChannelInactive(AbstractChannelHandlerContext.java:250)
	at io.netty.channel.ChannelInboundHandlerAdapter.channelInactive(ChannelInboundHandlerAdapter.java:81)
	at io.lettuce.core.ChannelGroupListener.channelInactive(ChannelGroupListener.java:54)
	at io.netty.channel.AbstractChannelHandlerContext.fireChannelInactive(AbstractChannelHandlerContext.java:250)
	at io.netty.channel.DefaultChannelPipeline$HeadContext.channelInactive(DefaultChannelPipeline.java:1424)
	at io.netty.channel.DefaultChannelPipeline.fireChannelInactive(DefaultChannelPipeline.java:876)
	at io.netty.channel.AbstractChannel$AbstractUnsafe$8.run(AbstractChannel.java:684)
	at io.netty.util.concurrent.AbstractEventExecutor.runTask$$$capture(AbstractEventExecutor.java:148)
	at io.netty.util.concurrent.AbstractEventExecutor.runTask(AbstractEventExecutor.java)
	at io.netty.util.concurrent.AbstractEventExecutor.safeExecute$$$capture(AbstractEventExecutor.java:141)
	at io.netty.util.concurrent.AbstractEventExecutor.safeExecute(AbstractEventExecutor.java)
	at io.netty.util.concurrent.SingleThreadEventExecutor.runAllTasks(SingleThreadEventExecutor.java:535)
	at io.netty.channel.SingleThreadIoEventLoop.run(SingleThreadIoEventLoop.java:201)
	at io.netty.util.concurrent.SingleThreadEventExecutor$5.run(SingleThreadEventExecutor.java:1193)
	at io.netty.util.internal.ThreadExecutorMap$2.run(ThreadExecutorMap.java:74)
	at io.netty.util.concurrent.FastThreadLocalRunnable.run(FastThreadLocalRunnable.java:30)
	at java.base/java.lang.Thread.run(Thread.java:1583)
2026-02-25 20:20:58 [main] INFO  o.testcontainers.images.PullPolicy - Image pull policy will be performed by: DefaultPullPolicy()
2026-02-25 20:20:58 [main] INFO  o.t.utility.ImageNameSubstitutor - Image name substitution will be performed by: DefaultImageNameSubstitutor (composite of 'ConfigurationFileImageNameSubstitutor' and 'PrefixingImageNameSubstitutor')
2026-02-25 20:20:58 [main] INFO  o.t.d.DockerClientProviderStrategy - Found Docker environment with Docker accessed via Unix socket (/home/artem-brychev/.docker/desktop/docker.sock)
2026-02-25 20:20:58 [main] INFO  o.testcontainers.DockerClientFactory - Docker host IP address is localhost
2026-02-25 20:20:58 [main] INFO  o.testcontainers.DockerClientFactory - Connected to docker: 
  Server Version: 28.4.0
  API Version: 1.51
  Operating System: Docker Desktop
  Total Memory: 3738 MB
2026-02-25 20:20:58 [main] INFO  tc.testcontainers/ryuk:0.7.0 - Creating container for image: testcontainers/ryuk:0.7.0
2026-02-25 20:20:58 [main] INFO  o.t.utility.RegistryAuthLocator - Credential helper/store (docker-credential-desktop) does not have credentials for https://index.docker.io/v1/
2026-02-25 20:20:58 [main] INFO  tc.testcontainers/ryuk:0.7.0 - Container testcontainers/ryuk:0.7.0 is starting: df783e307ef74e212c740f93d12c28b8fa4643111e477b6615c96933a9dfeae4
2026-02-25 20:20:59 [main] INFO  tc.testcontainers/ryuk:0.7.0 - Container testcontainers/ryuk:0.7.0 started in PT0.535763456S
2026-02-25 20:20:59 [main] INFO  o.t.utility.RyukResourceReaper - Ryuk started - will monitor and terminate Testcontainers containers on JVM exit
2026-02-25 20:20:59 [main] INFO  o.testcontainers.DockerClientFactory - Checking the system...
2026-02-25 20:20:59 [main] INFO  o.testcontainers.DockerClientFactory - ✔︎ Docker server version should be at least 1.6.0
2026-02-25 20:20:59 [main] INFO  tc.redis:7-alpine - Creating container for image: redis:7-alpine
2026-02-25 20:20:59 [main] INFO  tc.redis:7-alpine - Container redis:7-alpine is starting: cc9194d533dc21ca5dc429eb20f398c405793e4e79cf315e70722adcc5b976ef
2026-02-25 20:20:59 [main] INFO  tc.redis:7-alpine - Container redis:7-alpine started in PT0.500364494S
2026-02-25 20:20:59 [main] INFO  o.e.repositories.redis.RedisManager - Redis url=redis://localhost:36713
2026-02-25 20:21:00 [lettuce-nioEventLoop-4-1] INFO  io.lettuce.core.RedisHandshake - Maintenance events not supported.
2026-02-25 20:21:00 [lettuce-eventExecutorLoop-1-1] INFO  i.l.core.protocol.ConnectionWatchdog - Reconnecting, last destination was localhost/127.0.0.1:36713
2026-02-25 20:21:00 [lettuce-nioEventLoop-4-2] WARN  i.l.core.protocol.ConnectionWatchdog - Cannot reconnect to [localhost/<unresolved>:36713]: Connection closed prematurely
io.lettuce.core.RedisConnectionException: Connection closed prematurely
	at io.lettuce.core.protocol.RedisHandshakeHandler.channelInactive(RedisHandshakeHandler.java:76)
	at io.netty.channel.AbstractChannelHandlerContext.fireChannelInactive(AbstractChannelHandlerContext.java:250)
	at io.netty.channel.ChannelInboundHandlerAdapter.channelInactive(ChannelInboundHandlerAdapter.java:81)
	at io.lettuce.core.ChannelGroupListener.channelInactive(ChannelGroupListener.java:54)
	at io.netty.channel.AbstractChannelHandlerContext.fireChannelInactive(AbstractChannelHandlerContext.java:250)
	at io.netty.channel.DefaultChannelPipeline$HeadContext.channelInactive(DefaultChannelPipeline.java:1424)
	at io.netty.channel.DefaultChannelPipeline.fireChannelInactive(DefaultChannelPipeline.java:876)
	at io.netty.channel.AbstractChannel$AbstractUnsafe$8.run(AbstractChannel.java:684)
	at io.netty.util.concurrent.AbstractEventExecutor.runTask$$$capture(AbstractEventExecutor.java:148)
	at io.netty.util.concurrent.AbstractEventExecutor.runTask(AbstractEventExecutor.java)
	at io.netty.util.concurrent.AbstractEventExecutor.safeExecute$$$capture(AbstractEventExecutor.java:141)
	at io.netty.util.concurrent.AbstractEventExecutor.safeExecute(AbstractEventExecutor.java)
	at io.netty.util.concurrent.SingleThreadEventExecutor.runAllTasks(SingleThreadEventExecutor.java:535)
	at io.netty.channel.SingleThreadIoEventLoop.run(SingleThreadIoEventLoop.java:201)
	at io.netty.util.concurrent.SingleThreadEventExecutor$5.run(SingleThreadEventExecutor.java:1193)
	at io.netty.util.internal.ThreadExecutorMap$2.run(ThreadExecutorMap.java:74)
	at io.netty.util.concurrent.FastThreadLocalRunnable.run(FastThreadLocalRunnable.java:30)
	at java.base/java.lang.Thread.run(Thread.java:1583)
2026-02-25 20:21:16 [main] INFO  o.testcontainers.images.PullPolicy - Image pull policy will be performed by: DefaultPullPolicy()
2026-02-25 20:21:16 [main] INFO  o.t.utility.ImageNameSubstitutor - Image name substitution will be performed by: DefaultImageNameSubstitutor (composite of 'ConfigurationFileImageNameSubstitutor' and 'PrefixingImageNameSubstitutor')
2026-02-25 20:21:17 [main] INFO  o.t.d.DockerClientProviderStrategy - Found Docker environment with Docker accessed via Unix socket (/home/artem-brychev/.docker/desktop/docker.sock)
2026-02-25 20:21:17 [main] INFO  o.testcontainers.DockerClientFactory - Docker host IP address is localhost
2026-02-25 20:21:17 [main] INFO  o.testcontainers.DockerClientFactory - Connected to docker: 
  Server Version: 28.4.0
  API Version: 1.51
  Operating System: Docker Desktop
  Total Memory: 3738 MB
2026-02-25 20:21:17 [main] INFO  tc.testcontainers/ryuk:0.7.0 - Creating container for image: testcontainers/ryuk:0.7.0
2026-02-25 20:21:17 [main] INFO  o.t.utility.RegistryAuthLocator - Credential helper/store (docker-credential-desktop) does not have credentials for https://index.docker.io/v1/
2026-02-25 20:21:17 [main] INFO  tc.testcontainers/ryuk:0.7.0 - Container testcontainers/ryuk:0.7.0 is starting: fed1c31da30e2645751a060e961b40977b63dfd55bdad8c85abe45518c444d0d
2026-02-25 20:21:17 [main] INFO  tc.testcontainers/ryuk:0.7.0 - Container testcontainers/ryuk:0.7.0 started in PT0.525977041S
2026-02-25 20:21:17 [main] INFO  o.t.utility.RyukResourceReaper - Ryuk started - will monitor and terminate Testcontainers containers on JVM exit
2026-02-25 20:21:17 [main] INFO  o.testcontainers.DockerClientFactory - Checking the system...
2026-02-25 20:21:17 [main] INFO  o.testcontainers.DockerClientFactory - ✔︎ Docker server version should be at least 1.6.0
2026-02-25 20:21:17 [main] INFO  tc.redis:7-alpine - Creating container for image: redis:7-alpine
2026-02-25 20:21:18 [main] INFO  tc.redis:7-alpine - Container redis:7-alpine is starting: 3a01bb3c249a5ac48d4bec0b76ee8b046a237a11c7958211d3f617f0b8254a38
2026-02-25 20:21:18 [main] INFO  tc.redis:7-alpine - Container redis:7-alpine started in PT0.481401437S
2026-02-25 20:21:18 [main] INFO  o.e.repositories.redis.RedisManager - Redis url=redis://localhost:38191
2026-02-25 20:21:18 [lettuce-nioEventLoop-4-1] INFO  io.lettuce.core.RedisHandshake - Maintenance events not supported.
2026-02-25 20:21:18 [lettuce-eventExecutorLoop-1-1] INFO  i.l.core.protocol.ConnectionWatchdog - Reconnecting, last destination was localhost/127.0.0.1:38191
2026-02-25 20:21:18 [lettuce-nioEventLoop-4-2] WARN  i.l.core.protocol.ConnectionWatchdog - Cannot reconnect to [localhost/<unresolved>:38191]: Connection closed prematurely
io.lettuce.core.RedisConnectionException: Connection closed prematurely
	at io.lettuce.core.protocol.RedisHandshakeHandler.channelInactive(RedisHandshakeHandler.java:76)
	at io.netty.channel.AbstractChannelHandlerContext.fireChannelInactive(AbstractChannelHandlerContext.java:250)
	at io.netty.channel.ChannelInboundHandlerAdapter.channelInactive(ChannelInboundHandlerAdapter.java:81)
	at io.lettuce.core.ChannelGroupListener.channelInactive(ChannelGroupListener.java:54)
	at io.netty.channel.AbstractChannelHandlerContext.fireChannelInactive(AbstractChannelHandlerContext.java:250)
	at io.netty.channel.DefaultChannelPipeline$HeadContext.channelInactive(DefaultChannelPipeline.java:1424)
	at io.netty.channel.DefaultChannelPipeline.fireChannelInactive(DefaultChannelPipeline.java:876)
	at io.netty.channel.AbstractChannel$AbstractUnsafe$8.run(AbstractChannel.java:684)
	at io.netty.util.concurrent.AbstractEventExecutor.runTask(AbstractEventExecutor.java:148)
	at io.netty.util.concurrent.AbstractEventExecutor.safeExecute(AbstractEventExecutor.java:141)
	at io.netty.util.concurrent.SingleThreadEventExecutor.runAllTasks(SingleThreadEventExecutor.java:535)
	at io.netty.channel.SingleThreadIoEventLoop.run(SingleThreadIoEventLoop.java:201)
	at io.netty.util.concurrent.SingleThreadEventExecutor$5.run(SingleThreadEventExecutor.java:1193)
	at io.netty.util.internal.ThreadExecutorMap$2.run(ThreadExecutorMap.java:74)
	at io.netty.util.concurrent.FastThreadLocalRunnable.run(FastThreadLocalRunnable.java:30)
	at java.base/java.lang.Thread.run(Thread.java:1583)
2026-02-25 20:21:19 [main] INFO  tc.redis:7-alpine - Creating container for image: redis:7-alpine
2026-02-25 20:21:19 [main] INFO  tc.redis:7-alpine - Container redis:7-alpine is starting: 77622323ce7b281c5894fbac093f25b8805772d958ae41daad34539dc9610bab
2026-02-25 20:21:19 [main] INFO  tc.redis:7-alpine - Container redis:7-alpine started in PT0.500500399S
2026-02-25 20:21:27 [lettuce-eventExecutorLoop-1-5] INFO  i.l.core.protocol.ConnectionWatchdog - Reconnecting, last destination was localhost/<unresolved>:38191
2026-02-25 20:21:27 [lettuce-nioEventLoop-4-6] WARN  i.l.core.protocol.ConnectionWatchdog - Cannot reconnect to [localhost/<unresolved>:38191]: В соединении отказано: localhost/127.0.0.1:38191
2026-02-25 20:21:36 [lettuce-eventExecutorLoop-1-6] INFO  i.l.core.protocol.ConnectionWatchdog - Reconnecting, last destination was localhost/<unresolved>:38191
2026-02-25 20:21:36 [lettuce-nioEventLoop-4-7] WARN  i.l.core.protocol.ConnectionWatchdog - Cannot reconnect to [localhost/<unresolved>:38191]: В соединении отказано: localhost/127.0.0.1:38191
2026-02-25 20:21:52 [lettuce-eventExecutorLoop-1-7] INFO  i.l.core.protocol.ConnectionWatchdog - Reconnecting, last destination was localhost/<unresolved>:38191
2026-02-25 20:21:52 [lettuce-nioEventLoop-4-8] WARN  i.l.core.protocol.ConnectionWatchdog - Cannot reconnect to [localhost/<unresolved>:38191]: В соединении отказано: localhost/127.0.0.1:38191
2026-02-25 20:22:22 [lettuce-eventExecutorLoop-1-3] INFO  i.l.core.protocol.ConnectionWatchdog - Reconnecting, last destination was localhost/<unresolved>:38191
2026-02-25 20:22:22 [lettuce-nioEventLoop-4-1] WARN  i.l.core.protocol.ConnectionWatchdog - Cannot reconnect to [localhost/<unresolved>:38191]: В соединении отказано: localhost/127.0.0.1:38191
2026-02-25 20:22:52 [lettuce-eventExecutorLoop-1-8] INFO  i.l.core.protocol.ConnectionWatchdog - Reconnecting, last destination was localhost/<unresolved>:38191
2026-02-25 20:22:52 [lettuce-nioEventLoop-4-2] WARN  i.l.core.protocol.ConnectionWatchdog - Cannot reconnect to [localhost/<unresolved>:38191]: В соединении отказано: localhost/127.0.0.1:38191
2026-02-25 20:23:22 [lettuce-eventExecutorLoop-1-2] INFO  i.l.core.protocol.ConnectionWatchdog - Reconnecting, last destination was localhost/<unresolved>:38191
2026-02-25 20:23:22 [lettuce-nioEventLoop-4-3] WARN  i.l.core.protocol.ConnectionWatchdog - Cannot reconnect to [localhost/<unresolved>:38191]: В соединении отказано: localhost/127.0.0.1:38191
2026-02-25 20:23:52 [lettuce-eventExecutorLoop-1-4] INFO  i.l.core.protocol.ConnectionWatchdog - Reconnecting, last destination was localhost/<unresolved>:38191
2026-02-25 20:23:52 [lettuce-nioEventLoop-4-4] WARN  i.l.core.protocol.ConnectionWatchdog - Cannot reconnect to [localhost/<unresolved>:38191]: В соединении отказано: localhost/127.0.0.1:38191
2026-02-25 20:24:23 [lettuce-eventExecutorLoop-1-6] INFO  i.l.core.protocol.ConnectionWatchdog - Reconnecting, last destination was localhost/<unresolved>:38191
2026-02-25 20:24:23 [lettuce-nioEventLoop-4-5] WARN  i.l.core.protocol.ConnectionWatchdog - Cannot reconnect to [localhost/<unresolved>:38191]: В соединении отказано: localhost/127.0.0.1:38191
2026-02-25 20:24:53 [lettuce-eventExecutorLoop-1-8] INFO  i.l.core.protocol.ConnectionWatchdog - Reconnecting, last destination was localhost/<unresolved>:38191
2026-02-25 20:24:53 [lettuce-nioEventLoop-4-6] WARN  i.l.core.protocol.ConnectionWatchdog - Cannot reconnect to [localhost/<unresolved>:38191]: В соединении отказано: localhost/127.0.0.1:38191
2026-02-25 20:25:23 [lettuce-eventExecutorLoop-1-2] INFO  i.l.core.protocol.ConnectionWatchdog - Reconnecting, last destination was localhost/<unresolved>:38191
2026-02-25 20:25:23 [lettuce-nioEventLoop-4-7] WARN  i.l.core.protocol.ConnectionWatchdog - Cannot reconnect to [localhost/<unresolved>:38191]: В соединении отказано: localhost/127.0.0.1:38191
2026-02-25 20:25:53 [lettuce-eventExecutorLoop-1-4] INFO  i.l.core.protocol.ConnectionWatchdog - Reconnecting, last destination was localhost/<unresolved>:38191
2026-02-25 20:25:53 [lettuce-nioEventLoop-4-8] WARN  i.l.core.protocol.ConnectionWatchdog - Cannot reconnect to [localhost/<unresolved>:38191]: В соединении отказано: localhost/127.0.0.1:38191
2026-02-25 20:26:23 [lettuce-eventExecutorLoop-1-6] INFO  i.l.core.protocol.ConnectionWatchdog - Reconnecting, last destination was localhost/<unresolved>:38191
2026-02-25 20:26:23 [lettuce-nioEventLoop-4-1] WARN  i.l.core.protocol.ConnectionWatchdog - Cannot reconnect to [localhost/<unresolved>:38191]: В соединении отказано: localhost/127.0.0.1:38191
2026-02-25 20:26:53 [lettuce-eventExecutorLoop-1-8] INFO  i.l.core.protocol.ConnectionWatchdog - Reconnecting, last destination was localhost/<unresolved>:38191
2026-02-25 20:26:53 [lettuce-nioEventLoop-4-2] WARN  i.l.core.protocol.ConnectionWatchdog - Cannot reconnect to [localhost/<unresolved>:38191]: В соединении отказано: localhost/127.0.0.1:38191
2026-02-25 20:27:23 [lettuce-eventExecutorLoop-1-2] INFO  i.l.core.protocol.ConnectionWatchdog - Reconnecting, last destination was localhost/<unresolved>:38191
2026-02-25 20:27:23 [lettuce-nioEventLoop-4-3] WARN  i.l.core.protocol.ConnectionWatchdog - Cannot reconnect to [localhost/<unresolved>:38191]: В соединении отказано: localhost/127.0.0.1:38191
2026-02-25 20:27:53 [lettuce-eventExecutorLoop-1-4] INFO  i.l.core.protocol.ConnectionWatchdog - Reconnecting, last destination was localhost/<unresolved>:38191
2026-02-25 20:27:53 [lettuce-nioEventLoop-4-4] WARN  i.l.core.protocol.ConnectionWatchdog - Cannot reconnect to [localhost/<unresolved>:38191]: В соединении отказано: localhost/127.0.0.1:38191
2026-02-25 20:28:23 [lettuce-eventExecutorLoop-1-6] INFO  i.l.core.protocol.ConnectionWatchdog - Reconnecting, last destination was localhost/<unresolved>:38191
2026-02-25 20:28:23 [lettuce-nioEventLoop-4-5] WARN  i.l.core.protocol.ConnectionWatchdog - Cannot reconnect to [localhost/<unresolved>:38191]: В соединении отказано: localhost/127.0.0.1:38191
2026-02-25 20:28:53 [lettuce-eventExecutorLoop-1-8] INFO  i.l.core.protocol.ConnectionWatchdog - Reconnecting, last destination was localhost/<unresolved>:38191
2026-02-25 20:28:53 [lettuce-nioEventLoop-4-6] WARN  i.l.core.protocol.ConnectionWatchdog - Cannot reconnect to [localhost/<unresolved>:38191]: В соединении отказано: localhost/127.0.0.1:38191
2026-02-25 20:29:24 [lettuce-eventExecutorLoop-1-2] INFO  i.l.core.protocol.ConnectionWatchdog - Reconnecting, last destination was localhost/<unresolved>:38191
2026-02-25 20:29:24 [lettuce-nioEventLoop-4-7] WARN  i.l.core.protocol.ConnectionWatchdog - Cannot reconnect to [localhost/<unresolved>:38191]: В соединении отказано: localhost/127.0.0.1:38191
2026-02-25 20:29:54 [lettuce-eventExecutorLoop-1-4] INFO  i.l.core.protocol.ConnectionWatchdog - Reconnecting, last destination was localhost/<unresolved>:38191
2026-02-25 20:29:54 [lettuce-nioEventLoop-4-8] WARN  i.l.core.protocol.ConnectionWatchdog - Cannot reconnect to [localhost/<unresolved>:38191]: В соединении отказано: localhost/127.0.0.1:38191
2026-02-25 20:30:28 [main] INFO  o.testcontainers.images.PullPolicy - Image pull policy will be performed by: DefaultPullPolicy()
2026-02-25 20:30:28 [main] INFO  o.t.utility.ImageNameSubstitutor - Image name substitution will be performed by: DefaultImageNameSubstitutor (composite of 'ConfigurationFileImageNameSubstitutor' and 'PrefixingImageNameSubstitutor')
2026-02-25 20:30:28 [main] INFO  o.t.d.DockerClientProviderStrategy - Found Docker environment with Docker accessed via Unix socket (/home/artem-brychev/.docker/desktop/docker.sock)
2026-02-25 20:30:28 [main] INFO  o.testcontainers.DockerClientFactory - Docker host IP address is localhost
2026-02-25 20:30:28 [main] INFO  o.testcontainers.DockerClientFactory - Connected to docker: 
  Server Version: 28.4.0
  API Version: 1.51
  Operating System: Docker Desktop
  Total Memory: 3738 MB
2026-02-25 20:30:28 [main] INFO  tc.testcontainers/ryuk:0.7.0 - Creating container for image: testcontainers/ryuk:0.7.0
2026-02-25 20:30:28 [main] INFO  o.t.utility.RegistryAuthLocator - Credential helper/store (docker-credential-desktop) does not have credentials for https://index.docker.io/v1/
2026-02-25 20:30:29 [main] INFO  tc.testcontainers/ryuk:0.7.0 - Container testcontainers/ryuk:0.7.0 is starting: 1b4da99438056421ee90c283a5c02c388cb7f43096536f35e6dce3b19b637a5d
2026-02-25 20:30:29 [main] INFO  tc.testcontainers/ryuk:0.7.0 - Container testcontainers/ryuk:0.7.0 started in PT0.565118057S
2026-02-25 20:30:29 [main] INFO  o.t.utility.RyukResourceReaper - Ryuk started - will monitor and terminate Testcontainers containers on JVM exit
2026-02-25 20:30:29 [main] INFO  o.testcontainers.DockerClientFactory - Checking the system...
2026-02-25 20:30:29 [main] INFO  o.testcontainers.DockerClientFactory - ✔︎ Docker server version should be at least 1.6.0
2026-02-25 20:30:29 [main] INFO  tc.redis:7-alpine - Creating container for image: redis:7-alpine
2026-02-25 20:30:29 [main] INFO  tc.redis:7-alpine - Container redis:7-alpine is starting: 3020e9a3bb6a94188c6e5acf7ccf2b9d01c74576f1b507a69bb460c39df5d5c2
2026-02-25 20:30:29 [main] INFO  tc.redis:7-alpine - Container redis:7-alpine started in PT0.51617671S
2026-02-25 20:30:29 [main] INFO  o.e.repositories.redis.RedisManager - Redis url=redis://localhost:36051
2026-02-25 20:30:30 [lettuce-nioEventLoop-4-1] INFO  io.lettuce.core.RedisHandshake - Maintenance events not supported.
2026-02-25 20:30:30 [lettuce-eventExecutorLoop-1-1] INFO  i.l.core.protocol.ConnectionWatchdog - Reconnecting, last destination was localhost/127.0.0.1:36051
2026-02-25 20:30:30 [lettuce-nioEventLoop-4-2] WARN  i.l.core.protocol.ConnectionWatchdog - Cannot reconnect to [localhost/<unresolved>:36051]: Connection closed prematurely
io.lettuce.core.RedisConnectionException: Connection closed prematurely
	at io.lettuce.core.protocol.RedisHandshakeHandler.channelInactive(RedisHandshakeHandler.java:76)
	at io.netty.channel.AbstractChannelHandlerContext.fireChannelInactive(AbstractChannelHandlerContext.java:250)
	at io.netty.channel.ChannelInboundHandlerAdapter.channelInactive(ChannelInboundHandlerAdapter.java:81)
	at io.lettuce.core.ChannelGroupListener.channelInactive(ChannelGroupListener.java:54)
	at io.netty.channel.AbstractChannelHandlerContext.fireChannelInactive(AbstractChannelHandlerContext.java:250)
	at io.netty.channel.DefaultChannelPipeline$HeadContext.channelInactive(DefaultChannelPipeline.java:1424)
	at io.netty.channel.DefaultChannelPipeline.fireChannelInactive(DefaultChannelPipeline.java:876)
	at io.netty.channel.AbstractChannel$AbstractUnsafe$8.run(AbstractChannel.java:684)
	at io.netty.util.concurrent.AbstractEventExecutor.runTask$$$capture(AbstractEventExecutor.java:148)
	at io.netty.util.concurrent.AbstractEventExecutor.runTask(AbstractEventExecutor.java)
	at io.netty.util.concurrent.AbstractEventExecutor.safeExecute$$$capture(AbstractEventExecutor.java:141)
	at io.netty.util.concurrent.AbstractEventExecutor.safeExecute(AbstractEventExecutor.java)
	at io.netty.util.concurrent.SingleThreadEventExecutor.runAllTasks(SingleThreadEventExecutor.java:535)
	at io.netty.channel.SingleThreadIoEventLoop.run(SingleThreadIoEventLoop.java:201)
	at io.netty.util.concurrent.SingleThreadEventExecutor$5.run(SingleThreadEventExecutor.java:1193)
	at io.netty.util.internal.ThreadExecutorMap$2.run(ThreadExecutorMap.java:74)
	at io.netty.util.concurrent.FastThreadLocalRunnable.run(FastThreadLocalRunnable.java:30)
	at java.base/java.lang.Thread.run(Thread.java:1583)
2026-02-25 20:30:48 [main] INFO  o.testcontainers.images.PullPolicy - Image pull policy will be performed by: DefaultPullPolicy()
2026-02-25 20:30:48 [main] INFO  o.t.utility.ImageNameSubstitutor - Image name substitution will be performed by: DefaultImageNameSubstitutor (composite of 'ConfigurationFileImageNameSubstitutor' and 'PrefixingImageNameSubstitutor')
2026-02-25 20:30:48 [main] INFO  o.t.d.DockerClientProviderStrategy - Found Docker environment with Docker accessed via Unix socket (/home/artem-brychev/.docker/desktop/docker.sock)
2026-02-25 20:30:48 [main] INFO  o.testcontainers.DockerClientFactory - Docker host IP address is localhost
2026-02-25 20:30:48 [main] INFO  o.testcontainers.DockerClientFactory - Connected to docker: 
  Server Version: 28.4.0
  API Version: 1.51
  Operating System: Docker Desktop
  Total Memory: 3738 MB
2026-02-25 20:30:48 [main] INFO  tc.testcontainers/ryuk:0.7.0 - Creating container for image: testcontainers/ryuk:0.7.0
2026-02-25 20:30:48 [main] INFO  o.t.utility.RegistryAuthLocator - Credential helper/store (docker-credential-desktop) does not have credentials for https://index.docker.io/v1/
2026-02-25 20:30:48 [main] INFO  tc.testcontainers/ryuk:0.7.0 - Container testcontainers/ryuk:0.7.0 is starting: e39774d924622867cdba6b8286f6b7d88189432650f1d8ca7d5189c13343b3b7
2026-02-25 20:30:49 [main] INFO  tc.testcontainers/ryuk:0.7.0 - Container testcontainers/ryuk:0.7.0 started in PT0.539599596S
2026-02-25 20:30:49 [main] INFO  o.t.utility.RyukResourceReaper - Ryuk started - will monitor and terminate Testcontainers containers on JVM exit
2026-02-25 20:30:49 [main] INFO  o.testcontainers.DockerClientFactory - Checking the system...
2026-02-25 20:30:49 [main] INFO  o.testcontainers.DockerClientFactory - ✔︎ Docker server version should be at least 1.6.0
2026-02-25 20:30:49 [main] INFO  tc.redis:7-alpine - Creating container for image: redis:7-alpine
2026-02-25 20:30:49 [main] INFO  tc.redis:7-alpine - Container redis:7-alpine is starting: fd31cdc1fef5dddd899be93577921966787eb35cd7613a2a6b2c533e36c4ce0e
2026-02-25 20:30:49 [main] INFO  tc.redis:7-alpine - Container redis:7-alpine started in PT0.491352494S
2026-02-25 20:30:49 [main] INFO  o.e.repositories.redis.RedisManager - Redis url=redis://localhost:40285
2026-02-25 20:30:50 [lettuce-nioEventLoop-4-1] INFO  io.lettuce.core.RedisHandshake - Maintenance events not supported.
2026-02-25 20:30:50 [lettuce-eventExecutorLoop-1-1] INFO  i.l.core.protocol.ConnectionWatchdog - Reconnecting, last destination was localhost/127.0.0.1:40285
2026-02-25 20:30:50 [lettuce-nioEventLoop-4-2] WARN  i.l.core.protocol.ConnectionWatchdog - Cannot reconnect to [localhost/<unresolved>:40285]: Connection closed prematurely
io.lettuce.core.RedisConnectionException: Connection closed prematurely
	at io.lettuce.core.protocol.RedisHandshakeHandler.channelInactive(RedisHandshakeHandler.java:76)
	at io.netty.channel.AbstractChannelHandlerContext.fireChannelInactive(AbstractChannelHandlerContext.java:250)
	at io.netty.channel.ChannelInboundHandlerAdapter.channelInactive(ChannelInboundHandlerAdapter.java:81)
	at io.lettuce.core.ChannelGroupListener.channelInactive(ChannelGroupListener.java:54)
	at io.netty.channel.AbstractChannelHandlerContext.fireChannelInactive(AbstractChannelHandlerContext.java:250)
	at io.netty.channel.DefaultChannelPipeline$HeadContext.channelInactive(DefaultChannelPipeline.java:1424)
	at io.netty.channel.DefaultChannelPipeline.fireChannelInactive(DefaultChannelPipeline.java:876)
	at io.netty.channel.AbstractChannel$AbstractUnsafe$8.run(AbstractChannel.java:684)
	at io.netty.util.concurrent.AbstractEventExecutor.runTask(AbstractEventExecutor.java:148)
	at io.netty.util.concurrent.AbstractEventExecutor.safeExecute(AbstractEventExecutor.java:141)
	at io.netty.util.concurrent.SingleThreadEventExecutor.runAllTasks(SingleThreadEventExecutor.java:535)
	at io.netty.channel.SingleThreadIoEventLoop.run(SingleThreadIoEventLoop.java:201)
	at io.netty.util.concurrent.SingleThreadEventExecutor$5.run(SingleThreadEventExecutor.java:1193)
	at io.netty.util.internal.ThreadExecutorMap$2.run(ThreadExecutorMap.java:74)
	at io.netty.util.concurrent.FastThreadLocalRunnable.run(FastThreadLocalRunnable.java:30)
	at java.base/java.lang.Thread.run(Thread.java:1583)
2026-02-25 20:30:50 [main] INFO  tc.redis:7-alpine - Creating container for image: redis:7-alpine
2026-02-25 20:30:50 [main] INFO  tc.redis:7-alpine - Container redis:7-alpine is starting: 7e62687e9a551a01d1eb32869bf8f571e7fa11774e4febf42341f8db850f9806
2026-02-25 20:30:51 [main] INFO  tc.redis:7-alpine - Container redis:7-alpine started in PT0.521971203S
2026-02-25 20:30:59 [lettuce-eventExecutorLoop-1-5] INFO  i.l.core.protocol.ConnectionWatchdog - Reconnecting, last destination was localhost/<unresolved>:40285
2026-02-25 20:30:59 [lettuce-nioEventLoop-4-6] WARN  i.l.core.protocol.ConnectionWatchdog - Cannot reconnect to [localhost/<unresolved>:40285]: В соединении отказано: localhost/127.0.0.1:40285
